// Jest Snapshot v1, https://goo.gl/fbAQLP

exports[`<Preloader> should render the preloader component correctly 1`] = `
<div
  className="preloader-wrapper medium active"
>
  <div
    className="spinner-layer spinner-blue-only"
  >
    <div
      className="circle-clipper left"
    >
      <div
        className="circle"
      />
    </div>
    <div
      className="gap-patch"
    >
      <div
        className="circle"
      />
    </div>
    <div
      className="circle-clipper right"
    >
      <div
        className="circle"
      />
    </div>
  </div>
</div>
`;
