// Jest Snapshot v1, https://goo.gl/fbAQLP

exports[`<PageFooter> should render the footer correctly 1`] = `
ShallowWrapper {
  "length": 1,
  Symbol(enzyme.__root__): [Circular],
  Symbol(enzyme.__unrendered__): <PageFooter />,
  Symbol(enzyme.__renderer__): Object {
    "batchedUpdates": [Function],
    "getNode": [Function],
    "render": [Function],
    "simulateEvent": [Function],
    "unmount": [Function],
  },
  Symbol(enzyme.__node__): Object {
    "instance": null,
    "key": undefined,
    "nodeType": "host",
    "props": Object {
      "children": <div
        className="footer-copyright"
      >
        <div
          className="container center-align grey-text"
        >
          © 2017 Copyright Hello-books
        </div>
      </div>,
      "className": "page-footer foot lighten-5",
    },
    "ref": null,
    "rendered": Object {
      "instance": null,
      "key": undefined,
      "nodeType": "host",
      "props": Object {
        "children": <div
          className="container center-align grey-text"
        >
          © 2017 Copyright Hello-books
        </div>,
        "className": "footer-copyright",
      },
      "ref": null,
      "rendered": Object {
        "instance": null,
        "key": undefined,
        "nodeType": "host",
        "props": Object {
          "children": "© 2017 Copyright Hello-books",
          "className": "container center-align grey-text",
        },
        "ref": null,
        "rendered": "© 2017 Copyright Hello-books",
        "type": "div",
      },
      "type": "div",
    },
    "type": "footer",
  },
  Symbol(enzyme.__nodes__): Array [
    Object {
      "instance": null,
      "key": undefined,
      "nodeType": "host",
      "props": Object {
        "children": <div
          className="footer-copyright"
        >
          <div
            className="container center-align grey-text"
          >
            © 2017 Copyright Hello-books
          </div>
        </div>,
        "className": "page-footer foot lighten-5",
      },
      "ref": null,
      "rendered": Object {
        "instance": null,
        "key": undefined,
        "nodeType": "host",
        "props": Object {
          "children": <div
            className="container center-align grey-text"
          >
            © 2017 Copyright Hello-books
          </div>,
          "className": "footer-copyright",
        },
        "ref": null,
        "rendered": Object {
          "instance": null,
          "key": undefined,
          "nodeType": "host",
          "props": Object {
            "children": "© 2017 Copyright Hello-books",
            "className": "container center-align grey-text",
          },
          "ref": null,
          "rendered": "© 2017 Copyright Hello-books",
          "type": "div",
        },
        "type": "div",
      },
      "type": "footer",
    },
  ],
  Symbol(enzyme.__options__): Object {
    "adapter": ReactSixteenAdapter {
      "options": Object {
        "enableComponentDidUpdateOnSetState": true,
      },
    },
  },
}
`;
